// Vitest Snapshot v1, https://vitest.dev/guide/snapshot.html

exports[`the confirm sheets (YAZ-2201) > ConfirmDelete: markup pinned, focus on Cancel 1`] = `"<div class="confirm-overlay"><div class="confirm" role="dialog" aria-modal="true" aria-labelledby="confirm-delete-text"><p class="confirm__text" id="confirm-delete-text">Delete "Projects"? 3 notes and 1 folder move to the Trash. 2 notes link to this.</p><label class="confirm__ask"><input type="checkbox">Don't ask me again</label><div class="confirm__actions"><button type="button" class="confirm__btn">Cancel</button><button type="button" class="confirm__btn confirm__btn--danger">Delete</button></div></div></div>"`;

exports[`the confirm sheets (YAZ-2201) > ConfirmDeleteColumn: markup pinned, focus on Cancel 1`] = `"<div class="confirm-overlay"><div class="confirm" role="dialog" aria-modal="true" aria-labelledby="confirm-delete-column-text"><p class="confirm__text" id="confirm-delete-column-text">Delete "Status"? This removes the column from this page and the "status" value from 5 notes.</p><div class="confirm__actions"><button type="button" class="confirm__btn">Cancel</button><button type="button" class="confirm__btn confirm__btn--danger">Delete</button></div></div></div>"`;

exports[`the confirm sheets (YAZ-2201) > ConfirmDeleteComment: markup pinned, focus on Cancel 1`] = `"<div class="confirm-overlay"><div class="confirm" role="dialog" aria-modal="true" aria-labelledby="confirm-delete-comment-text"><p class="confirm__text" id="confirm-delete-comment-text">Delete comment #3 and its 2 replies? This cannot be undone.</p><div class="confirm__actions"><button type="button" class="confirm__btn">Cancel</button><button type="button" class="confirm__btn confirm__btn--danger">Delete</button></div></div></div>"`;

exports[`the confirm sheets (YAZ-2201) > ConfirmDeleteView: markup pinned, focus on Cancel 1`] = `"<div class="confirm-overlay"><div class="confirm" role="dialog" aria-modal="true" aria-labelledby="confirm-delete-view-text"><p class="confirm__text" id="confirm-delete-view-text">Delete the view 'All notes'? Its columns, sort, filters and grouping go with it — the pages themselves stay put.</p><div class="confirm__actions"><button type="button" class="confirm__btn">Cancel</button><button type="button" class="confirm__btn confirm__btn--danger">Delete</button></div></div></div>"`;

exports[`the confirm sheets (YAZ-2201) > ConfirmMove: markup pinned, focus on Cancel 1`] = `"<div class="confirm-overlay"><div class="confirm" role="dialog" aria-modal="true" aria-labelledby="confirm-move-text"><p class="confirm__text" id="confirm-move-text">Move 'Roadmap' from 'Plans' into 'Archive'? The file stays put — only its folder pages change. It also stays in: Ideas.</p><div class="confirm__actions"><button type="button" class="confirm__btn">Cancel</button><button type="button" class="confirm__btn">Move</button></div></div></div>"`;

exports[`the confirm sheets (YAZ-2201) > ConfirmRemoveMember: markup pinned, focus on Cancel 1`] = `"<div class="confirm-overlay"><div class="confirm" role="dialog" aria-modal="true" aria-labelledby="confirm-remove-member-text"><p class="confirm__text" id="confirm-remove-member-text">Remove 'Roadmap' from 'Plans'? The page is not deleted — its file stays put. It has no other folder pages, so it moves to Uncategorized.</p><div class="confirm__actions"><button type="button" class="confirm__btn">Cancel</button><button type="button" class="confirm__btn">Remove</button></div></div></div>"`;

exports[`the confirm sheets (YAZ-2201) > ConfirmRename: markup pinned, focus on Cancel 1`] = `"<div class="confirm-overlay"><div class="confirm" role="dialog" aria-modal="true" aria-labelledby="confirm-rename-text"><p class="confirm__text" id="confirm-rename-text">Rename 'Old' to 'New'? Links in 2 notes will be updated.</p><div class="confirm__actions"><button type="button" class="confirm__btn">Cancel</button><button type="button" class="confirm__btn">Rename</button></div></div></div>"`;

exports[`the confirm sheets (YAZ-2201) > ConfirmTurnBack: markup pinned, focus on Cancel 1`] = `"<div class="confirm-overlay"><div class="confirm" role="dialog" aria-modal="true" aria-labelledby="confirm-turn-back-text"><p class="confirm__text" id="confirm-turn-back-text">Turn 'Home.md' back into a normal page? Pages that belong to it keep their entries — any that belong nowhere else will appear in Uncategorized until this is a folder page again. Nothing is deleted.</p><div class="confirm__actions"><button type="button" class="confirm__btn">Cancel</button><button type="button" class="confirm__btn">Turn back</button></div></div></div>"`;
